26-04-10 10:05:34.846 
26-04-10 10:05:34.847 DSpotterLicenseForESP32 version 1.0, build @ Aug  8 2025, 17:13:54
26-04-10 10:05:35.023 Uid string = 
26-04-10 10:05:35.024 Error: Uid wrong format!
26-04-10 10:05:35.025 Total spend 187 ms.
26-04-10 10:07:40.103 
26-04-10 10:07:40.103 DSpotterLicenseForESP32 version 1.0, build @ Aug  8 2025, 17:13:54
26-04-10 10:07:40.236 Uid string = 
26-04-10 10:07:40.236 Error: Uid wrong format!
26-04-10 10:07:40.237 Total spend 125 ms.
26-04-10 10:07:50.610 
26-04-10 10:07:50.611 DSpotterLicenseForESP32 version 1.0, build @ Aug  8 2025, 17:13:54
26-04-10 10:07:55.942 esptool.py v4.11.0

26-04-10 10:07:55.943 Found 5 serial ports

26-04-10 10:07:55.943 Serial port COM7

26-04-10 10:07:55.944 COM7 failed to connect: Could not open COM7, the port is busy or doesn't exist.

26-04-10 10:07:55.945 (could not open port 'COM7': OSError(22, 'The semaphore timeout period has expired.', None, 121))

26-04-10 10:07:55.947 

26-04-10 10:07:55.948 Serial port COM5

26-04-10 10:08:06.208 Connecting...

26-04-10 10:08:06.210 COM5 failed to connect: Write timeout

26-04-10 10:08:06.211 Serial port COM14

26-04-10 10:08:06.382 Connecting...

26-04-10 10:08:06.395 Detecting chip type... ESP32-S3

26-04-10 10:08:07.251 Chip is ESP32-S3 (QFN56) (revision v0.2)

26-04-10 10:08:07.252 Features: WiFi, BLE, Embedded PSRAM 8MB (AP_3v3)

26-04-10 10:08:07.253 Crystal is 40MHz

26-04-10 10:08:07.254 MAC: 80:b5:4e:f4:82:2c

26-04-10 10:08:07.254 Uid string = 80:b5:4e:f4:82:2c
26-04-10 10:08:10.879 Get license data from server successfully.
26-04-10 10:08:10.881 Write license data to output file successfully.
26-04-10 10:08:10.882 Total spend 20282 ms.
