26-04-20 20:59:45.266 
26-04-20 20:59:45.269 DSpotterLicenseForESP32 version 1.0, build @ Aug  8 2025, 17:13:54
26-04-20 20:59:45.441 Uid string = 
26-04-20 20:59:45.442 Error: Uid wrong format!
26-04-20 20:59:45.443 Total spend 188 ms.
26-04-20 21:00:47.166 
26-04-20 21:00:47.167 DSpotterLicenseForESP32 version 1.0, build @ Aug  8 2025, 17:13:54
26-04-20 21:00:47.383 Uid string = 
26-04-20 21:00:47.385 Error: Uid wrong format!
26-04-20 21:00:47.386 Total spend 234 ms.
26-04-20 21:02:10.926 
26-04-20 21:02:10.927 DSpotterLicenseForESP32 version 1.0, build @ Aug  8 2025, 17:13:54
26-04-20 21:02:11.286 esptool.py v4.11.0

26-04-20 21:02:11.287 Found 5 serial ports

26-04-20 21:02:11.288 Serial port COM8

26-04-20 21:02:11.620 Connecting....

26-04-20 21:02:11.630 Detecting chip type... ESP32-S3

26-04-20 21:02:12.443 Chip is ESP32-S3 (QFN56) (revision v0.2)

26-04-20 21:02:12.445 Features: WiFi, BLE, Embedded PSRAM 8MB (AP_3v3)

26-04-20 21:02:12.447 Crystal is 40MHz

26-04-20 21:02:12.448 MAC: 80:b5:4e:e1:7b:c0

26-04-20 21:02:12.449 Uid string = 80:b5:4e:e1:7b:c0
26-04-20 21:02:19.003 Get license data from server successfully.
26-04-20 21:02:19.006 Write license data to output file successfully.
26-04-20 21:02:19.007 Total spend 8094 ms.
