25-12-06 17:05:15.464 
25-12-06 17:05:15.465 DSpotterLicenseForESP32 version 1.0, build @ Aug  8 2025, 17:13:54
25-12-06 17:05:15.643 Uid string = 
25-12-06 17:05:15.644 Error: Uid wrong format!
25-12-06 17:05:15.645 Total spend 187 ms.
25-12-06 17:05:49.670 
25-12-06 17:05:49.671 DSpotterLicenseForESP32 version 1.0, build @ Aug  8 2025, 17:13:54
25-12-06 17:05:49.848 Uid string = 
25-12-06 17:05:49.849 Error: Uid wrong format!
25-12-06 17:05:49.850 Total spend 187 ms.
25-12-06 17:11:04.280 
25-12-06 17:11:04.280 DSpotterLicenseForESP32 version 1.0, build @ Aug  8 2025, 17:13:54
25-12-06 17:11:04.475 Uid string = 
25-12-06 17:11:04.476 Error: Uid wrong format!
25-12-06 17:11:04.477 Total spend 203 ms.
25-12-06 17:11:10.494 
25-12-06 17:11:10.495 DSpotterLicenseForESP32 version 1.0, build @ Aug  8 2025, 17:13:54
25-12-06 17:11:10.622 Uid string = 
25-12-06 17:11:10.623 Error: Uid wrong format!
25-12-06 17:11:10.624 Total spend 125 ms.
25-12-06 17:11:48.464 
25-12-06 17:11:48.464 DSpotterLicenseForESP32 version 1.0, build @ Aug  8 2025, 17:13:54
25-12-06 17:11:48.600 Uid string = 
25-12-06 17:11:48.601 Error: Uid wrong format!
25-12-06 17:11:48.602 Total spend 140 ms.
25-12-06 17:14:52.638 
25-12-06 17:14:52.638 DSpotterLicenseForESP32 version 1.0, build @ Aug  8 2025, 17:13:54
25-12-06 17:14:52.770 Uid string = 
25-12-06 17:14:52.771 Error: Uid wrong format!
25-12-06 17:14:52.772 Total spend 156 ms.
25-12-06 17:19:37.770 
25-12-06 17:19:37.771 DSpotterLicenseForESP32 version 1.0, build @ Aug  8 2025, 17:13:54
25-12-06 17:19:37.890 Uid string = 
25-12-06 17:19:37.891 Error: Uid wrong format!
25-12-06 17:19:37.892 Total spend 125 ms.
25-12-06 17:22:35.892 
25-12-06 17:22:35.892 DSpotterLicenseForESP32 version 1.0, build @ Aug  8 2025, 17:13:54
25-12-06 17:22:36.002 Uid string = 
25-12-06 17:22:36.003 Error: Uid wrong format!
25-12-06 17:22:36.004 Total spend 125 ms.
25-12-06 17:22:50.089 
25-12-06 17:22:50.089 DSpotterLicenseForESP32 version 1.0, build @ Aug  8 2025, 17:13:54
25-12-06 17:22:50.194 Uid string = 
25-12-06 17:22:50.195 Error: Uid wrong format!
25-12-06 17:22:50.196 Total spend 109 ms.
25-12-06 17:26:56.641 
25-12-06 17:26:56.642 DSpotterLicenseForESP32 version 1.0, build @ Aug  8 2025, 17:13:54
25-12-06 17:26:56.752 Uid string = 
25-12-06 17:26:56.753 Error: Uid wrong format!
25-12-06 17:26:56.754 Total spend 125 ms.
25-12-06 17:27:03.595 
25-12-06 17:27:03.596 DSpotterLicenseForESP32 version 1.0, build @ Aug  8 2025, 17:13:54
25-12-06 17:27:03.706 Uid string = 
25-12-06 17:27:03.707 Error: Uid wrong format!
25-12-06 17:27:03.708 Total spend 125 ms.
25-12-06 17:27:06.157 
25-12-06 17:27:06.158 DSpotterLicenseForESP32 version 1.0, build @ Aug  8 2025, 17:13:54
25-12-06 17:27:06.274 Uid string = 
25-12-06 17:27:06.275 Error: Uid wrong format!
25-12-06 17:27:06.276 Total spend 125 ms.
25-12-06 17:27:08.642 
25-12-06 17:27:08.644 DSpotterLicenseForESP32 version 1.0, build @ Aug  8 2025, 17:13:54
25-12-06 17:27:08.755 Uid string = 
25-12-06 17:27:08.756 Error: Uid wrong format!
25-12-06 17:27:08.757 Total spend 125 ms.
25-12-06 17:27:21.369 
25-12-06 17:27:21.370 DSpotterLicenseForESP32 version 1.0, build @ Aug  8 2025, 17:13:54
25-12-06 17:27:21.554 Uid string = 
25-12-06 17:27:21.556 Error: Uid wrong format!
25-12-06 17:27:21.556 Total spend 187 ms.
25-12-06 17:30:07.360 
25-12-06 17:30:07.361 DSpotterLicenseForESP32 version 1.0, build @ Aug  8 2025, 17:13:54
25-12-06 17:30:07.536 Uid string = 
25-12-06 17:30:07.537 Error: Uid wrong format!
25-12-06 17:30:07.538 Total spend 188 ms.
25-12-06 17:42:23.900 
25-12-06 17:42:23.901 DSpotterLicenseForESP32 version 1.0, build @ Aug  8 2025, 17:13:54
25-12-06 17:42:24.018 Uid string = 
25-12-06 17:42:24.019 Error: Uid wrong format!
25-12-06 17:42:24.020 Total spend 125 ms.
25-12-06 18:07:08.602 
25-12-06 18:07:08.603 DSpotterLicenseForESP32 version 1.0, build @ Aug  8 2025, 17:13:54
25-12-06 18:07:08.771 Uid string = 
25-12-06 18:07:08.772 Error: Uid wrong format!
25-12-06 18:07:08.774 Total spend 187 ms.
25-12-06 18:16:12.358 
25-12-06 18:16:12.359 DSpotterLicenseForESP32 version 1.0, build @ Aug  8 2025, 17:13:54
25-12-06 18:16:12.627 esptool.py v4.8.1

25-12-06 18:16:12.629 Found 4 serial ports

25-12-06 18:16:12.630 Serial port COM5

25-12-06 18:16:12.632 COM5 failed to connect: Could not open COM5, the port is busy or doesn't exist.

25-12-06 18:16:12.635 (could not open port 'COM5': PermissionError(13, '¾Ü¾ø·ÃÎÊ¡£', None, 5))

25-12-06 18:16:12.637 

25-12-06 18:16:12.637 Serial port COM3

25-12-06 18:16:22.894 Connecting...

25-12-06 18:16:22.895 COM3 failed to connect: Write timeout

25-12-06 18:16:22.897 Serial port COM3

25-12-06 18:16:22.898 COM3 failed to connect: Could not open COM3, the port is busy or doesn't exist.

25-12-06 18:16:22.901 (could not open port 'COM3': PermissionError(13, '¾Ü¾ø·ÃÎÊ¡£', None, 5))

25-12-06 18:16:22.902 

25-12-06 18:16:22.903 Serial port COM1

25-12-06 18:16:31.018 Connecting......................................

25-12-06 18:16:31.020 COM1 failed to connect: Failed to connect to Espressif device: No serial data received.

25-12-06 18:16:31.023 For troubleshooting steps visit: https://docs.espressif.com/projects/esptool/en/latest/troubleshooting.html

25-12-06 18:16:31.026 

25-12-06 18:16:31.027 A fatal error occurred: Could not connect to an Espressif device on any of the 4 available serial ports.

25-12-06 18:16:31.112 Uid string = 
25-12-06 18:16:31.113 Error: Uid wrong format!
25-12-06 18:16:31.115 Total spend 18766 ms.
25-12-06 18:16:43.122 
25-12-06 18:16:43.123 DSpotterLicenseForESP32 version 1.0, build @ Aug  8 2025, 17:13:54
25-12-06 18:16:43.343 esptool.py v4.8.1

25-12-06 18:16:43.344 Found 4 serial ports

25-12-06 18:16:43.345 Serial port COM5

25-12-06 18:16:43.346 COM5 failed to connect: Could not open COM5, the port is busy or doesn't exist.

25-12-06 18:16:43.349 (could not open port 'COM5': PermissionError(13, '¾Ü¾ø·ÃÎÊ¡£', None, 5))

25-12-06 18:16:43.350 

25-12-06 18:16:43.351 Serial port COM3

25-12-06 18:16:53.616 Connecting...

25-12-06 18:16:53.618 COM3 failed to connect: Write timeout

25-12-06 18:16:53.620 Serial port COM3

25-12-06 18:16:53.621 COM3 failed to connect: Could not open COM3, the port is busy or doesn't exist.

25-12-06 18:16:53.624 (could not open port 'COM3': PermissionError(13, '¾Ü¾ø·ÃÎÊ¡£', None, 5))

25-12-06 18:16:53.625 

25-12-06 18:16:53.626 Serial port COM1

25-12-06 18:17:01.718 Connecting......................................

25-12-06 18:17:01.720 COM1 failed to connect: Failed to connect to Espressif device: No serial data received.

25-12-06 18:17:01.723 For troubleshooting steps visit: https://docs.espressif.com/projects/esptool/en/latest/troubleshooting.html

25-12-06 18:17:01.727 

25-12-06 18:17:01.728 A fatal error occurred: Could not connect to an Espressif device on any of the 4 available serial ports.

25-12-06 18:17:01.802 Uid string = 
25-12-06 18:17:01.804 Error: Uid wrong format!
25-12-06 18:17:01.805 Total spend 18687 ms.
25-12-06 18:17:06.527 
25-12-06 18:17:06.528 DSpotterLicenseForESP32 version 1.0, build @ Aug  8 2025, 17:13:54
25-12-06 18:17:06.751 Uid string = 
25-12-06 18:17:06.752 Error: Uid wrong format!
25-12-06 18:17:06.753 Total spend 235 ms.
25-12-06 18:17:47.905 
25-12-06 18:17:47.905 DSpotterLicenseForESP32 version 1.0, build @ Aug  8 2025, 17:13:54
25-12-06 18:17:48.082 Uid string = 
25-12-06 18:17:48.083 Error: Uid wrong format!
25-12-06 18:17:48.084 Total spend 188 ms.
25-12-06 18:17:50.717 
25-12-06 18:17:50.718 DSpotterLicenseForESP32 version 1.0, build @ Aug  8 2025, 17:13:54
25-12-06 18:17:50.907 Uid string = 
25-12-06 18:17:50.908 Error: Uid wrong format!
25-12-06 18:17:50.909 Total spend 203 ms.
25-12-06 18:18:58.751 
25-12-06 18:18:58.751 DSpotterLicenseForESP32 version 1.0, build @ Aug  8 2025, 17:13:54
25-12-06 18:18:58.938 Uid string = 
25-12-06 18:18:58.939 Error: Uid wrong format!
25-12-06 18:18:58.940 Total spend 203 ms.
25-12-06 18:25:05.851 
25-12-06 18:25:05.852 DSpotterLicenseForESP32 version 1.0, build @ Aug  8 2025, 17:13:54
25-12-06 18:25:05.973 Uid string = 
25-12-06 18:25:05.973 Error: Uid wrong format!
25-12-06 18:25:05.975 Total spend 125 ms.
25-12-06 18:26:16.226 
25-12-06 18:26:16.227 DSpotterLicenseForESP32 version 1.0, build @ Aug  8 2025, 17:13:54
25-12-06 18:26:16.346 Uid string = 
25-12-06 18:26:16.347 Error: Uid wrong format!
25-12-06 18:26:16.348 Total spend 125 ms.
25-12-06 18:26:45.946 
25-12-06 18:26:45.946 DSpotterLicenseForESP32 version 1.0, build @ Aug  8 2025, 17:13:54
25-12-06 18:26:46.057 Uid string = 
25-12-06 18:26:46.058 Error: Uid wrong format!
25-12-06 18:26:46.059 Total spend 109 ms.
25-12-06 18:27:05.893 
25-12-06 18:27:05.894 DSpotterLicenseForESP32 version 1.0, build @ Aug  8 2025, 17:13:54
25-12-06 18:35:51.612 
25-12-06 18:35:51.613 DSpotterLicenseForESP32 version 1.0, build @ Aug  8 2025, 17:13:54
25-12-06 18:35:54.957 Uid string = 
25-12-06 18:35:54.958 Error: Uid wrong format!
25-12-06 18:36:12.917 
25-12-06 18:36:12.918 DSpotterLicenseForESP32 version 1.0, build @ Aug  8 2025, 17:13:54
25-12-06 18:39:10.665 
25-12-06 18:39:10.666 DSpotterLicenseForESP32 version 1.0, build @ Aug  8 2025, 17:13:54
25-12-06 18:40:44.493 Uid string = 
25-12-06 18:40:44.494 Error: Uid wrong format!
25-12-06 18:41:10.305 
25-12-06 18:41:10.306 DSpotterLicenseForESP32 version 1.0, build @ Aug  8 2025, 17:13:54
25-12-06 18:41:10.417 Uid string = 
25-12-06 18:41:10.418 Error: Uid wrong format!
25-12-06 18:41:10.419 Total spend 110 ms.
25-12-06 18:43:13.739 
25-12-06 18:43:13.740 DSpotterLicenseForESP32 version 1.0, build @ Aug  8 2025, 17:13:54
25-12-06 18:43:13.917 Uid string = 
25-12-06 18:43:13.919 Error: Uid wrong format!
25-12-06 18:43:13.920 Total spend 188 ms.
25-12-06 18:44:15.023 
25-12-06 18:44:15.024 DSpotterLicenseForESP32 version 1.0, build @ Aug  8 2025, 17:13:54
25-12-06 18:44:15.176 Uid string = 
25-12-06 18:44:15.177 Error: Uid wrong format!
25-12-06 18:44:15.178 Total spend 171 ms.
25-12-06 18:45:17.488 
25-12-06 18:45:17.489 DSpotterLicenseForESP32 version 1.0, build @ Aug  8 2025, 17:13:54
25-12-06 18:45:17.714 esptool.py v4.8.1

25-12-06 18:45:17.716 Found 4 serial ports

25-12-06 18:45:17.718 Serial port COM5

25-12-06 18:45:18.816 Connecting....

25-12-06 18:45:18.819 Detecting chip type... ESP32-S3

25-12-06 18:45:18.823 Chip is ESP32-S3 (QFN56) (revision v0.2)

25-12-06 18:45:18.827 Features: WiFi, BLE, Embedded PSRAM 8MB (AP_3v3)

25-12-06 18:45:18.831 Crystal is 40MHz

25-12-06 18:45:18.837 MAC: 80:b5:4e:d4:e9:38

25-12-06 18:45:18.838 Uid string = 80:b5:4e:d4:e9:38
25-12-06 18:45:20.268 Get license data from server successfully.
25-12-06 18:45:20.285 Write license data to output file successfully.
25-12-06 18:45:20.287 Total spend 2813 ms.
